running egg_info
writing build/my_robot/my_robot.egg-info/PKG-INFO
writing dependency_links to build/my_robot/my_robot.egg-info/dependency_links.txt
writing entry points to build/my_robot/my_robot.egg-info/entry_points.txt
writing requirements to build/my_robot/my_robot.egg-info/requires.txt
writing top-level names to build/my_robot/my_robot.egg-info/top_level.txt
reading manifest file 'build/my_robot/my_robot.egg-info/SOURCES.txt'
writing manifest file 'build/my_robot/my_robot.egg-info/SOURCES.txt'
running build
running build_py
copying my_robot/action_server.py -> /home/ros/ros_ws/src/my_robot/build/my_robot/build/lib/my_robot
running install
running install_lib
copying /home/ros/ros_ws/src/my_robot/build/my_robot/build/lib/my_robot/action_server.py -> /home/ros/ros_ws/src/my_robot/install/my_robot/lib/python3.10/site-packages/my_robot
byte-compiling /home/ros/ros_ws/src/my_robot/install/my_robot/lib/python3.10/site-packages/my_robot/action_server.py to action_server.cpython-310.pyc
running install_data
running install_egg_info
removing '/home/ros/ros_ws/src/my_robot/install/my_robot/lib/python3.10/site-packages/my_robot-0.0.0-py3.10.egg-info' (and everything under it)
Copying build/my_robot/my_robot.egg-info to /home/ros/ros_ws/src/my_robot/install/my_robot/lib/python3.10/site-packages/my_robot-0.0.0-py3.10.egg-info
running install_scripts
Installing action_server script to /home/ros/ros_ws/src/my_robot/install/my_robot/lib/my_robot
Installing hello_node script to /home/ros/ros_ws/src/my_robot/install/my_robot/lib/my_robot
Installing publisher_node script to /home/ros/ros_ws/src/my_robot/install/my_robot/lib/my_robot
Installing service_client script to /home/ros/ros_ws/src/my_robot/install/my_robot/lib/my_robot
Installing service_server script to /home/ros/ros_ws/src/my_robot/install/my_robot/lib/my_robot
Installing subscriber_node script to /home/ros/ros_ws/src/my_robot/install/my_robot/lib/my_robot
writing list of installed files to '/home/ros/ros_ws/src/my_robot/build/my_robot/install.log'
