[0.317s] Invoking command in '/home/ros/ros_ws/src/my_robot': PYTHONPATH=/home/ros/ros_ws/src/my_robot/build/my_robot/prefix_override:/usr/lib/python3/dist-packages/colcon_core/task/python/colcon_distutils_commands:/home/ros/ros_ws/src/my_robot/install/my_robot/lib/python3.10/site-packages:${PYTHONPATH} /usr/bin/python3 -W ignore:setup.py install is deprecated -W ignore:easy_install command is deprecated setup.py egg_info --egg-base build/my_robot build --build-base /home/ros/ros_ws/src/my_robot/build/my_robot/build install --record /home/ros/ros_ws/src/my_robot/build/my_robot/install.log --single-version-externally-managed install_data
[0.431s] running egg_info
[0.431s] writing build/my_robot/my_robot.egg-info/PKG-INFO
[0.431s] writing dependency_links to build/my_robot/my_robot.egg-info/dependency_links.txt
[0.432s] writing entry points to build/my_robot/my_robot.egg-info/entry_points.txt
[0.432s] writing requirements to build/my_robot/my_robot.egg-info/requires.txt
[0.432s] writing top-level names to build/my_robot/my_robot.egg-info/top_level.txt
[0.433s] reading manifest file 'build/my_robot/my_robot.egg-info/SOURCES.txt'
[0.433s] writing manifest file 'build/my_robot/my_robot.egg-info/SOURCES.txt'
[0.433s] running build
[0.433s] running build_py
[0.433s] copying my_robot/action_server.py -> /home/ros/ros_ws/src/my_robot/build/my_robot/build/lib/my_robot
[0.433s] running install
[0.434s] running install_lib
[0.434s] copying /home/ros/ros_ws/src/my_robot/build/my_robot/build/lib/my_robot/action_server.py -> /home/ros/ros_ws/src/my_robot/install/my_robot/lib/python3.10/site-packages/my_robot
[0.435s] byte-compiling /home/ros/ros_ws/src/my_robot/install/my_robot/lib/python3.10/site-packages/my_robot/action_server.py to action_server.cpython-310.pyc
[0.435s] running install_data
[0.435s] running install_egg_info
[0.436s] removing '/home/ros/ros_ws/src/my_robot/install/my_robot/lib/python3.10/site-packages/my_robot-0.0.0-py3.10.egg-info' (and everything under it)
[0.437s] Copying build/my_robot/my_robot.egg-info to /home/ros/ros_ws/src/my_robot/install/my_robot/lib/python3.10/site-packages/my_robot-0.0.0-py3.10.egg-info
[0.437s] running install_scripts
[0.448s] Installing action_server script to /home/ros/ros_ws/src/my_robot/install/my_robot/lib/my_robot
[0.449s] Installing hello_node script to /home/ros/ros_ws/src/my_robot/install/my_robot/lib/my_robot
[0.449s] Installing publisher_node script to /home/ros/ros_ws/src/my_robot/install/my_robot/lib/my_robot
[0.449s] Installing service_client script to /home/ros/ros_ws/src/my_robot/install/my_robot/lib/my_robot
[0.449s] Installing service_server script to /home/ros/ros_ws/src/my_robot/install/my_robot/lib/my_robot
[0.449s] Installing subscriber_node script to /home/ros/ros_ws/src/my_robot/install/my_robot/lib/my_robot
[0.449s] writing list of installed files to '/home/ros/ros_ws/src/my_robot/build/my_robot/install.log'
[0.461s] Invoked command in '/home/ros/ros_ws/src/my_robot' returned '0': PYTHONPATH=/home/ros/ros_ws/src/my_robot/build/my_robot/prefix_override:/usr/lib/python3/dist-packages/colcon_core/task/python/colcon_distutils_commands:/home/ros/ros_ws/src/my_robot/install/my_robot/lib/python3.10/site-packages:${PYTHONPATH} /usr/bin/python3 -W ignore:setup.py install is deprecated -W ignore:easy_install command is deprecated setup.py egg_info --egg-base build/my_robot build --build-base /home/ros/ros_ws/src/my_robot/build/my_robot/build install --record /home/ros/ros_ws/src/my_robot/build/my_robot/install.log --single-version-externally-managed install_data
