[0.324s] Invoking command in '/home/ros/ros_ws/src/my_robot': PYTHONPATH=/home/ros/ros_ws/src/my_robot/build/my_robot/prefix_override:/usr/lib/python3/dist-packages/colcon_core/task/python/colcon_distutils_commands:/home/ros/ros_ws/src/my_robot/install/my_robot/lib/python3.10/site-packages:${PYTHONPATH} /usr/bin/python3 -W ignore:setup.py install is deprecated -W ignore:easy_install command is deprecated setup.py egg_info --egg-base build/my_robot build --build-base /home/ros/ros_ws/src/my_robot/build/my_robot/build install --record /home/ros/ros_ws/src/my_robot/build/my_robot/install.log --single-version-externally-managed install_data
[0.440s] running egg_info
[0.441s] writing build/my_robot/my_robot.egg-info/PKG-INFO
[0.441s] writing dependency_links to build/my_robot/my_robot.egg-info/dependency_links.txt
[0.441s] writing entry points to build/my_robot/my_robot.egg-info/entry_points.txt
[0.441s] writing requirements to build/my_robot/my_robot.egg-info/requires.txt
[0.441s] writing top-level names to build/my_robot/my_robot.egg-info/top_level.txt
[0.442s] reading manifest file 'build/my_robot/my_robot.egg-info/SOURCES.txt'
[0.442s] writing manifest file 'build/my_robot/my_robot.egg-info/SOURCES.txt'
[0.442s] running build
[0.443s] running build_py
[0.443s] copying my_robot/service_client.py -> /home/ros/ros_ws/src/my_robot/build/my_robot/build/lib/my_robot
[0.443s] running install
[0.443s] running install_lib
[0.444s] copying /home/ros/ros_ws/src/my_robot/build/my_robot/build/lib/my_robot/service_client.py -> /home/ros/ros_ws/src/my_robot/install/my_robot/lib/python3.10/site-packages/my_robot
[0.444s] byte-compiling /home/ros/ros_ws/src/my_robot/install/my_robot/lib/python3.10/site-packages/my_robot/service_client.py to service_client.cpython-310.pyc
[0.444s] running install_data
[0.444s] running install_egg_info
[0.446s] removing '/home/ros/ros_ws/src/my_robot/install/my_robot/lib/python3.10/site-packages/my_robot-0.0.0-py3.10.egg-info' (and everything under it)
[0.446s] Copying build/my_robot/my_robot.egg-info to /home/ros/ros_ws/src/my_robot/install/my_robot/lib/python3.10/site-packages/my_robot-0.0.0-py3.10.egg-info
[0.447s] running install_scripts
[0.459s] Installing hello_node script to /home/ros/ros_ws/src/my_robot/install/my_robot/lib/my_robot
[0.459s] Installing publisher_node script to /home/ros/ros_ws/src/my_robot/install/my_robot/lib/my_robot
[0.459s] Installing service_client script to /home/ros/ros_ws/src/my_robot/install/my_robot/lib/my_robot
[0.459s] Installing service_server script to /home/ros/ros_ws/src/my_robot/install/my_robot/lib/my_robot
[0.459s] Installing subscriber_node script to /home/ros/ros_ws/src/my_robot/install/my_robot/lib/my_robot
[0.459s] writing list of installed files to '/home/ros/ros_ws/src/my_robot/build/my_robot/install.log'
[0.471s] Invoked command in '/home/ros/ros_ws/src/my_robot' returned '0': PYTHONPATH=/home/ros/ros_ws/src/my_robot/build/my_robot/prefix_override:/usr/lib/python3/dist-packages/colcon_core/task/python/colcon_distutils_commands:/home/ros/ros_ws/src/my_robot/install/my_robot/lib/python3.10/site-packages:${PYTHONPATH} /usr/bin/python3 -W ignore:setup.py install is deprecated -W ignore:easy_install command is deprecated setup.py egg_info --egg-base build/my_robot build --build-base /home/ros/ros_ws/src/my_robot/build/my_robot/build install --record /home/ros/ros_ws/src/my_robot/build/my_robot/install.log --single-version-externally-managed install_data
