running egg_info
creating build/my_robot/my_robot.egg-info
writing build/my_robot/my_robot.egg-info/PKG-INFO
writing dependency_links to build/my_robot/my_robot.egg-info/dependency_links.txt
writing entry points to build/my_robot/my_robot.egg-info/entry_points.txt
writing requirements to build/my_robot/my_robot.egg-info/requires.txt
writing top-level names to build/my_robot/my_robot.egg-info/top_level.txt
writing manifest file 'build/my_robot/my_robot.egg-info/SOURCES.txt'
reading manifest file 'build/my_robot/my_robot.egg-info/SOURCES.txt'
writing manifest file 'build/my_robot/my_robot.egg-info/SOURCES.txt'
running build
running build_py
creating /home/ros/ros_ws/src/my_robot/build/my_robot/build
creating /home/ros/ros_ws/src/my_robot/build/my_robot/build/lib
creating /home/ros/ros_ws/src/my_robot/build/my_robot/build/lib/my_robot
copying my_robot/__init__.py -> /home/ros/ros_ws/src/my_robot/build/my_robot/build/lib/my_robot
copying my_robot/publisher_node.py -> /home/ros/ros_ws/src/my_robot/build/my_robot/build/lib/my_robot
copying my_robot/hello_node.py -> /home/ros/ros_ws/src/my_robot/build/my_robot/build/lib/my_robot
copying my_robot/subscriber_node.py -> /home/ros/ros_ws/src/my_robot/build/my_robot/build/lib/my_robot
copying my_robot/service_client.py -> /home/ros/ros_ws/src/my_robot/build/my_robot/build/lib/my_robot
copying my_robot/service_server.py -> /home/ros/ros_ws/src/my_robot/build/my_robot/build/lib/my_robot
running install
running install_lib
creating /home/ros/ros_ws/src/my_robot/install/my_robot/lib/python3.10/site-packages/my_robot
copying /home/ros/ros_ws/src/my_robot/build/my_robot/build/lib/my_robot/__init__.py -> /home/ros/ros_ws/src/my_robot/install/my_robot/lib/python3.10/site-packages/my_robot
copying /home/ros/ros_ws/src/my_robot/build/my_robot/build/lib/my_robot/publisher_node.py -> /home/ros/ros_ws/src/my_robot/install/my_robot/lib/python3.10/site-packages/my_robot
copying /home/ros/ros_ws/src/my_robot/build/my_robot/build/lib/my_robot/hello_node.py -> /home/ros/ros_ws/src/my_robot/install/my_robot/lib/python3.10/site-packages/my_robot
copying /home/ros/ros_ws/src/my_robot/build/my_robot/build/lib/my_robot/subscriber_node.py -> /home/ros/ros_ws/src/my_robot/install/my_robot/lib/python3.10/site-packages/my_robot
copying /home/ros/ros_ws/src/my_robot/build/my_robot/build/lib/my_robot/service_client.py -> /home/ros/ros_ws/src/my_robot/install/my_robot/lib/python3.10/site-packages/my_robot
copying /home/ros/ros_ws/src/my_robot/build/my_robot/build/lib/my_robot/service_server.py -> /home/ros/ros_ws/src/my_robot/install/my_robot/lib/python3.10/site-packages/my_robot
byte-compiling /home/ros/ros_ws/src/my_robot/install/my_robot/lib/python3.10/site-packages/my_robot/__init__.py to __init__.cpython-310.pyc
byte-compiling /home/ros/ros_ws/src/my_robot/install/my_robot/lib/python3.10/site-packages/my_robot/publisher_node.py to publisher_node.cpython-310.pyc
byte-compiling /home/ros/ros_ws/src/my_robot/install/my_robot/lib/python3.10/site-packages/my_robot/hello_node.py to hello_node.cpython-310.pyc
byte-compiling /home/ros/ros_ws/src/my_robot/install/my_robot/lib/python3.10/site-packages/my_robot/subscriber_node.py to subscriber_node.cpython-310.pyc
byte-compiling /home/ros/ros_ws/src/my_robot/install/my_robot/lib/python3.10/site-packages/my_robot/service_client.py to service_client.cpython-310.pyc
byte-compiling /home/ros/ros_ws/src/my_robot/install/my_robot/lib/python3.10/site-packages/my_robot/service_server.py to service_server.cpython-310.pyc
running install_data
creating /home/ros/ros_ws/src/my_robot/install/my_robot/share/ament_index
creating /home/ros/ros_ws/src/my_robot/install/my_robot/share/ament_index/resource_index
creating /home/ros/ros_ws/src/my_robot/install/my_robot/share/ament_index/resource_index/packages
copying resource/my_robot -> /home/ros/ros_ws/src/my_robot/install/my_robot/share/ament_index/resource_index/packages
copying package.xml -> /home/ros/ros_ws/src/my_robot/install/my_robot/share/my_robot
running install_egg_info
Copying build/my_robot/my_robot.egg-info to /home/ros/ros_ws/src/my_robot/install/my_robot/lib/python3.10/site-packages/my_robot-0.0.0-py3.10.egg-info
running install_scripts
Installing hello_node script to /home/ros/ros_ws/src/my_robot/install/my_robot/lib/my_robot
Installing publisher_node script to /home/ros/ros_ws/src/my_robot/install/my_robot/lib/my_robot
Installing service_client script to /home/ros/ros_ws/src/my_robot/install/my_robot/lib/my_robot
Installing service_server script to /home/ros/ros_ws/src/my_robot/install/my_robot/lib/my_robot
Installing subscriber_node script to /home/ros/ros_ws/src/my_robot/install/my_robot/lib/my_robot
writing list of installed files to '/home/ros/ros_ws/src/my_robot/build/my_robot/install.log'
