/home/ros/ros_ws/src/my_robot/install/my_robot/lib/python3.10/site-packages/my_robot/__init__.py
/home/ros/ros_ws/src/my_robot/install/my_robot/lib/python3.10/site-packages/my_robot/publisher_node.py
/home/ros/ros_ws/src/my_robot/install/my_robot/lib/python3.10/site-packages/my_robot/hello_node.py
/home/ros/ros_ws/src/my_robot/install/my_robot/lib/python3.10/site-packages/my_robot/subscriber_node.py
/home/ros/ros_ws/src/my_robot/install/my_robot/lib/python3.10/site-packages/my_robot/action_server.py
/home/ros/ros_ws/src/my_robot/install/my_robot/lib/python3.10/site-packages/my_robot/service_client.py
/home/ros/ros_ws/src/my_robot/install/my_robot/lib/python3.10/site-packages/my_robot/service_server.py
/home/ros/ros_ws/src/my_robot/install/my_robot/lib/python3.10/site-packages/my_robot/__pycache__/__init__.cpython-310.pyc
/home/ros/ros_ws/src/my_robot/install/my_robot/lib/python3.10/site-packages/my_robot/__pycache__/publisher_node.cpython-310.pyc
/home/ros/ros_ws/src/my_robot/install/my_robot/lib/python3.10/site-packages/my_robot/__pycache__/hello_node.cpython-310.pyc
/home/ros/ros_ws/src/my_robot/install/my_robot/lib/python3.10/site-packages/my_robot/__pycache__/subscriber_node.cpython-310.pyc
/home/ros/ros_ws/src/my_robot/install/my_robot/lib/python3.10/site-packages/my_robot/__pycache__/action_server.cpython-310.pyc
/home/ros/ros_ws/src/my_robot/install/my_robot/lib/python3.10/site-packages/my_robot/__pycache__/service_client.cpython-310.pyc
/home/ros/ros_ws/src/my_robot/install/my_robot/lib/python3.10/site-packages/my_robot/__pycache__/service_server.cpython-310.pyc
/home/ros/ros_ws/src/my_robot/install/my_robot/share/ament_index/resource_index/packages/my_robot
/home/ros/ros_ws/src/my_robot/install/my_robot/share/my_robot/package.xml
/home/ros/ros_ws/src/my_robot/install/my_robot/lib/python3.10/site-packages/my_robot-0.0.0-py3.10.egg-info/SOURCES.txt
/home/ros/ros_ws/src/my_robot/install/my_robot/lib/python3.10/site-packages/my_robot-0.0.0-py3.10.egg-info/zip-safe
/home/ros/ros_ws/src/my_robot/install/my_robot/lib/python3.10/site-packages/my_robot-0.0.0-py3.10.egg-info/entry_points.txt
/home/ros/ros_ws/src/my_robot/install/my_robot/lib/python3.10/site-packages/my_robot-0.0.0-py3.10.egg-info/requires.txt
/home/ros/ros_ws/src/my_robot/install/my_robot/lib/python3.10/site-packages/my_robot-0.0.0-py3.10.egg-info/PKG-INFO
/home/ros/ros_ws/src/my_robot/install/my_robot/lib/python3.10/site-packages/my_robot-0.0.0-py3.10.egg-info/dependency_links.txt
/home/ros/ros_ws/src/my_robot/install/my_robot/lib/python3.10/site-packages/my_robot-0.0.0-py3.10.egg-info/top_level.txt
/home/ros/ros_ws/src/my_robot/install/my_robot/lib/my_robot/action_server
/home/ros/ros_ws/src/my_robot/install/my_robot/lib/my_robot/hello_node
/home/ros/ros_ws/src/my_robot/install/my_robot/lib/my_robot/publisher_node
/home/ros/ros_ws/src/my_robot/install/my_robot/lib/my_robot/service_client
/home/ros/ros_ws/src/my_robot/install/my_robot/lib/my_robot/service_server
/home/ros/ros_ws/src/my_robot/install/my_robot/lib/my_robot/subscriber_node
